// Jest Snapshot v1, https://goo.gl/fbAQLP

exports[`ThePlaceholder match HTML sturcture 1`] = `
<div
  aria-label="Bitte warten"
  class="placeholder"
>
  <span
    aria-hidden="true"
    class="shruggy"
  >
    <span
      class="shruggy--part shruggy--left"
    >
      ¯\\_
    </span>
     
    <span
      class="shruggy--part shruggy--center"
    >
      (ツ)
    </span>
     
    <span
      class="shruggy--part shruggy--right"
    >
      _/¯
    </span>
  </span>
</div>
`;
